[themepixels.me/demo/slim1.1/template/index4.html]
[backblue.gif]
[fade.gif]
[index.html]
[themepixels.me/demo/slim1.1/template/index.html]
[themepixels.me/demo/slim1.1/template/page-activity.html]
[themepixels.me/demo/slim1.1/template/page-notifications.html]
[themepixels.me/demo/slim1.1/template/page-profile.html]
[themepixels.me/demo/slim1.1/template/page-edit-profile.html]
[themepixels.me/demo/slim1.1/template/page-settings.html]
[themepixels.me/demo/slim1.1/template/page-signin.html]
[themepixels.me/demo/slim1.1/template/index2.html]
[themepixels.me/demo/slim1.1/template/index3.html]
[themepixels.me/demo/slim1.1/template/index5.html]
[themepixels.me/demo/slim1.1/template/elem-accordion.html]
[themepixels.me/demo/slim1.1/template/elem-alerts.html]
[themepixels.me/demo/slim1.1/template/elem-buttons.html]
[themepixels.me/demo/slim1.1/template/elem-cards.html]
[themepixels.me/demo/slim1.1/template/elem-carousel.html]
[themepixels.me/demo/slim1.1/template/elem-dropdowns.html]
[themepixels.me/demo/slim1.1/template/elem-icons.html]
[themepixels.me/demo/slim1.1/template/elem-images.html]
[themepixels.me/demo/slim1.1/template/elem-lists.html]
[themepixels.me/demo/slim1.1/template/elem-modal.html]
[themepixels.me/demo/slim1.1/template/elem-media.html]
[themepixels.me/demo/slim1.1/template/elem-navigation.html]
[themepixels.me/demo/slim1.1/template/elem-pagination.html]
[themepixels.me/demo/slim1.1/template/elem-tooltip.html]
[themepixels.me/demo/slim1.1/template/elem-popover.html]
[themepixels.me/demo/slim1.1/template/elem-progress.html]
[themepixels.me/demo/slim1.1/template/elem-spinner.html]
[themepixels.me/demo/slim1.1/template/elem-typography.html]
[themepixels.me/demo/slim1.1/template/chart-morris.html]
[themepixels.me/demo/slim1.1/template/chart-flot.html]
[themepixels.me/demo/slim1.1/template/chart-chartjs.html]
[themepixels.me/demo/slim1.1/template/chart-echarts.html]
[themepixels.me/demo/slim1.1/template/chart-chartist.html]
[themepixels.me/demo/slim1.1/template/chart-rickshaw.html]
[themepixels.me/demo/slim1.1/template/chart-sparkline.html]
[themepixels.me/demo/slim1.1/template/chart-peity.html]
[themepixels.me/demo/slim1.1/template/map-google.html]
[themepixels.me/demo/slim1.1/template/map-leaflet.html]
[themepixels.me/demo/slim1.1/template/map-vector.html]
[themepixels.me/demo/slim1.1/template/table-basic.html]
[themepixels.me/demo/slim1.1/template/table-datatable.html]
[themepixels.me/demo/slim1.1/template/util-background.html]
[themepixels.me/demo/slim1.1/template/util-border.html]
[themepixels.me/demo/slim1.1/template/util-height.html]
[themepixels.me/demo/slim1.1/template/util-margin.html]
[themepixels.me/demo/slim1.1/template/util-padding.html]
[themepixels.me/demo/slim1.1/template/util-position.html]
[themepixels.me/demo/slim1.1/template/util-typography.html]
[themepixels.me/demo/slim1.1/template/util-width.html]
[themepixels.me/demo/slim1.1/template/page-invoice.html]
[themepixels.me/demo/slim1.1/template/page-contact.html]
[themepixels.me/demo/slim1.1/template/page-file-manager.html]
[themepixels.me/demo/slim1.1/template/page-calendar.html]
[themepixels.me/demo/slim1.1/template/page-timeline.html]
[themepixels.me/demo/slim1.1/template/page-pricing.html]
[themepixels.me/demo/slim1.1/template/page-pricing2.html]
[themepixels.me/demo/slim1.1/template/page-pricing3.html]
[themepixels.me/demo/slim1.1/template/page-signin2.html]
[themepixels.me/demo/slim1.1/template/page-signup.html]
[themepixels.me/demo/slim1.1/template/page-signup2.html]
[themepixels.me/demo/slim1.1/template/page-404.html]
[themepixels.me/demo/slim1.1/template/page-505.html]
[themepixels.me/demo/slim1.1/template/page-500.html]
[themepixels.me/demo/slim1.1/template/page-503.html]
[themepixels.me/demo/slim1.1/template/form-elements.html]
[themepixels.me/demo/slim1.1/template/form-layouts.html]
[themepixels.me/demo/slim1.1/template/form-validation.html]
[themepixels.me/demo/slim1.1/template/form-wizards.html]
[themepixels.me/demo/slim1.1/template/form-editor.html]
[themepixels.me/demo/slim1.1/template/form-select2.html]
[themepixels.me/demo/slim1.1/template/form-rangeslider.html]
[themepixels.me/demo/slim1.1/template/form-datepicker.html]
[themepixels.me/demo/slim1.1/template/page-messages.html]
[themepixels.me/demo/slim1.1/template/widgets.html]
[themepixels.me/demo/slim1.1/template/index4.html]
[themepixels.me/demo/slim1.1/template/index.html]
[themepixels.me/demo/slim1.1/template/page-activity.html]
[themepixels.me/demo/slim1.1/template/page-notifications.html]
[themepixels.me/demo/slim1.1/template/page-profile.html]
[themepixels.me/demo/slim1.1/template/page-edit-profile.html]
[themepixels.me/demo/slim1.1/template/page-settings.html]
[themepixels.me/demo/slim1.1/template/page-signin.html]
[themepixels.me/demo/slim1.1/template/index2.html]
[themepixels.me/demo/slim1.1/template/index3.html]
[themepixels.me/demo/slim1.1/template/index5.html]
[themepixels.me/demo/slim1.1/template/elem-accordion.html]
[themepixels.me/demo/slim1.1/template/elem-alerts.html]
[themepixels.me/demo/slim1.1/template/elem-buttons.html]
[themepixels.me/demo/slim1.1/template/elem-cards.html]
[themepixels.me/demo/slim1.1/template/elem-carousel.html]
[themepixels.me/demo/slim1.1/template/elem-dropdowns.html]
[themepixels.me/demo/slim1.1/template/elem-icons.html]
[themepixels.me/demo/slim1.1/template/elem-images.html]
[themepixels.me/demo/slim1.1/template/elem-lists.html]
[themepixels.me/demo/slim1.1/template/elem-modal.html]
[themepixels.me/demo/slim1.1/template/elem-media.html]
[themepixels.me/demo/slim1.1/template/elem-navigation.html]
[themepixels.me/demo/slim1.1/template/elem-pagination.html]
[themepixels.me/demo/slim1.1/template/elem-tooltip.html]
[themepixels.me/demo/slim1.1/template/elem-popover.html]
[themepixels.me/demo/slim1.1/template/elem-progress.html]
[themepixels.me/demo/slim1.1/template/elem-spinner.html]
[themepixels.me/demo/slim1.1/template/elem-typography.html]
[themepixels.me/demo/slim1.1/template/chart-morris.html]
[themepixels.me/demo/slim1.1/template/chart-flot.html]
[themepixels.me/demo/slim1.1/template/chart-chartjs.html]
[themepixels.me/demo/slim1.1/template/chart-echarts.html]
[themepixels.me/demo/slim1.1/template/chart-chartist.html]
[themepixels.me/demo/slim1.1/template/chart-rickshaw.html]
[themepixels.me/demo/slim1.1/template/chart-sparkline.html]
[themepixels.me/demo/slim1.1/template/chart-peity.html]
[themepixels.me/demo/slim1.1/template/map-google.html]
[themepixels.me/demo/slim1.1/template/map-leaflet.html]
[themepixels.me/demo/slim1.1/template/map-vector.html]
[themepixels.me/demo/slim1.1/template/table-basic.html]
[themepixels.me/demo/slim1.1/template/table-datatable.html]
[themepixels.me/demo/slim1.1/template/util-background.html]
[themepixels.me/demo/slim1.1/template/util-border.html]
[themepixels.me/demo/slim1.1/template/util-height.html]
[themepixels.me/demo/slim1.1/template/util-margin.html]
[themepixels.me/demo/slim1.1/template/util-padding.html]
[themepixels.me/demo/slim1.1/template/util-position.html]
[themepixels.me/demo/slim1.1/template/util-typography.html]
[themepixels.me/demo/slim1.1/template/util-width.html]
[themepixels.me/demo/slim1.1/template/page-invoice.html]
[themepixels.me/demo/slim1.1/template/page-contact.html]
[themepixels.me/demo/slim1.1/template/page-file-manager.html]
[themepixels.me/demo/slim1.1/template/page-calendar.html]
[themepixels.me/demo/slim1.1/template/page-timeline.html]
[themepixels.me/demo/slim1.1/template/page-pricing.html]
[themepixels.me/demo/slim1.1/template/page-pricing2.html]
[themepixels.me/demo/slim1.1/template/page-pricing3.html]
[themepixels.me/demo/slim1.1/template/page-signin2.html]
[themepixels.me/demo/slim1.1/template/page-signup.html]
[themepixels.me/demo/slim1.1/template/page-signup2.html]
[themepixels.me/demo/slim1.1/template/page-404.html]
[themepixels.me/demo/slim1.1/template/page-505.html]
[themepixels.me/demo/slim1.1/template/page-500.html]
[themepixels.me/demo/slim1.1/template/page-503.html]
[themepixels.me/demo/slim1.1/template/form-elements.html]
[themepixels.me/demo/slim1.1/template/form-layouts.html]
[themepixels.me/demo/slim1.1/template/form-validation.html]
[themepixels.me/demo/slim1.1/template/form-wizards.html]
[themepixels.me/demo/slim1.1/template/form-editor.html]
[themepixels.me/demo/slim1.1/template/form-select2.html]
[themepixels.me/demo/slim1.1/template/form-rangeslider.html]
[themepixels.me/demo/slim1.1/template/form-datepicker.html]
[themepixels.me/demo/slim1.1/template/page-messages.html]
[themepixels.me/demo/slim1.1/template/widgets.html]
