[www.indonez.com/html-demo/avo/signin.html]
[www.indonez.com/html-demo/avo/js/vendors/bootstrap.bundle.min.js]
[www.indonez.com/html-demo/avo/css/style.css]
[www.indonez.com/html-demo/avo/fonts/fa-brands-400.woff2]
[www.indonez.com/html-demo/avo/fonts/fa-solid-900.woff2]
[www.indonez.com/html-demo/avo/fonts/dm-sans-v11-latin-700.woff2]
[www.indonez.com/html-demo/avo/fonts/dm-sans-v11-latin-regular.woff2]
[www.indonez.com/html-demo/avo/img/favicon.ico]
[www.indonez.com/html-demo/avo/img/apple-touch-icon.png]
[backblue.gif]
[fade.gif]
[index.html]
[www.indonez.com/html-demo/avo/img/blockit/in-signin-image.jpg]
[www.indonez.com/html-demo/avo/index.html]
[www.indonez.com/html-demo/avo/img/user/header-logo-UZmx21.svg]
[www.indonez.com/html-demo/avo/js/vendors/vanilla-marquee.min.js]
[www.indonez.com/html-demo/avo/js/utilities.min.js]
[www.indonez.com/html-demo/avo/js/config-theme.js]
[www.indonez.com/html-demo/avo/signin.html]
[www.indonez.com/html-demo/avo/js/vendors/bootstrap.bundle.min.js]
[www.indonez.com/html-demo/avo/fonts/dm-sans-v11-latin-regular.woff]
[www.indonez.com/html-demo/avo/fonts/dm-sans-v11-latin-700.woff]
[www.indonez.com/html-demo/avo/fonts/fa-solid-900.ttf]
[www.indonez.com/html-demo/avo/img/in-slide-bg.webp]
[www.indonez.com/html-demo/avo/fonts/fa-brands-400.ttf]
[www.indonez.com/html-demo/avo/img/in-award-left.svg]
[www.indonez.com/html-demo/avo/img/in-award-right.svg]
[www.indonez.com/html-demo/avo/css/style.css]
[www.indonez.com/html-demo/avo/img/in-avo-16-line.svg]
[www.indonez.com/html-demo/avo/homepage2.html]
[www.indonez.com/html-demo/avo/homepage3.html]
[www.indonez.com/html-demo/avo/homepage4.html]
[www.indonez.com/html-demo/avo/markets.html]
[www.indonez.com/html-demo/avo/about.html]
[www.indonez.com/html-demo/avo/blog.html]
[www.indonez.com/html-demo/avo/careers.html]
[www.indonez.com/html-demo/avo/contact.html]
[www.indonez.com/html-demo/avo/education.html]
[www.indonez.com/html-demo/avo/help-center.html]
[www.indonez.com/html-demo/avo/customers.html]
[www.indonez.com/html-demo/avo/roadmap.html]
[www.indonez.com/html-demo/avo/legal-docs.html]
[www.indonez.com/html-demo/avo/img/in-slide-img-1.svg]
[www.indonez.com/html-demo/avo/img/in-slide-symbol-1.svg]
[www.indonez.com/html-demo/avo/img/in-slide-symbol-2.svg]
[www.indonez.com/html-demo/avo/img/in-slide-symbol-3.svg]
[www.indonez.com/html-demo/avo/img/in-slide-symbol-4.svg]
[www.indonez.com/html-demo/avo/img/in-slide-img-2.svg]
[www.indonez.com/html-demo/avo/img/in-slide-symbol-5.svg]
[www.indonez.com/html-demo/avo/img/in-slide-symbol-6.svg]
[www.indonez.com/html-demo/avo/img/in-slide-symbol-7.svg]
[www.indonez.com/html-demo/avo/img/in-avo-press-1.svg]
[www.indonez.com/html-demo/avo/img/in-avo-press-2.svg]
[www.indonez.com/html-demo/avo/img/in-avo-press-3.svg]
[www.indonez.com/html-demo/avo/img/in-avo-press-4.svg]
[www.indonez.com/html-demo/avo/img/in-avo-press-5.svg]
[www.indonez.com/html-demo/avo/img/in-avo-2-icon-1.png]
[www.indonez.com/html-demo/avo/img/in-avo-2-icon-2.png]
[www.indonez.com/html-demo/avo/img/in-avo-2-icon-3.png]
[www.indonez.com/html-demo/avo/img/in-avo-3-decor-1.svg]
[www.indonez.com/html-demo/avo/img/in-avo-4-avatar-1.png]
[www.indonez.com/html-demo/avo/img/in-avo-4-avatar-2.png]
[www.indonez.com/html-demo/avo/img/in-avo-4-avatar-3.png]
[www.indonez.com/html-demo/avo/img/in-avo-4-avatar-4.png]
[www.indonez.com/html-demo/avo/img/in-windows-icon.svg]
[www.indonez.com/html-demo/avo/img/in-apple-icon.svg]
[www.indonez.com/html-demo/avo/index.html]
[www.indonez.com/html-demo/avo/img/user/header-logo-UZmx21.svg]
[www.indonez.com/html-demo/avo/js/vendors/vanilla-marquee.min.js]
[www.indonez.com/html-demo/avo/js/vendors/apexcharts.min.js]
[www.indonez.com/html-demo/avo/js/utilities.min.js]
[www.indonez.com/html-demo/avo/js/config-theme.js]
[www.indonez.com/html-demo/avo/img/in-award-left.svg]
[www.indonez.com/html-demo/avo/img/in-award-right.svg]
[www.indonez.com/html-demo/avo/img/in-avo-16-line.svg]
[www.indonez.com/html-demo/avo/img/in-avo-6-icon-1.png]
[www.indonez.com/html-demo/avo/img/in-avo-6-icon-2.png]
[www.indonez.com/html-demo/avo/img/in-avo-6-icon-3.png]
[www.indonez.com/html-demo/avo/img/in-avo-6-icon-4.png]
[www.indonez.com/html-demo/avo/img/in-avo-6-icon-5.png]
[www.indonez.com/html-demo/avo/img/in-avo-7-icon-1.png]
[www.indonez.com/html-demo/avo/img/in-avo-8-background.webp]
[www.indonez.com/html-demo/avo/img/in-avo-8-video.jpg]
[www.indonez.com/html-demo/avo/homepage2.html]
[www.indonez.com/html-demo/avo/js/vendors/bigger-picture.min.js]
[www.indonez.com/html-demo/avo/img/in-avo-10-icon-1.png]
[www.indonez.com/html-demo/avo/img/in-avo-10-icon-2.png]
[www.indonez.com/html-demo/avo/img/in-avo-10-icon-3.png]
[www.indonez.com/html-demo/avo/img/in-avo-10-icon-4.png]
[www.indonez.com/html-demo/avo/img/in-avo-11-image.webp]
[www.indonez.com/html-demo/avo/img/in-avo-12-background.jpg]
[www.indonez.com/html-demo/avo/img/in-avo-14-mockup.png]
[www.indonez.com/html-demo/avo/homepage3.html]
[www.indonez.com/html-demo/avo/img/in-avo-15-background.webp]
[www.indonez.com/html-demo/avo/img/in-avo-16-background.webp]
[www.indonez.com/html-demo/avo/img/in-avo-16-icon-1.png]
[www.indonez.com/html-demo/avo/img/in-avo-16-icon-2.png]
[www.indonez.com/html-demo/avo/img/in-avo-16-icon-3.png]
[www.indonez.com/html-demo/avo/img/in-avo-16-icon-4.png]
[www.indonez.com/html-demo/avo/img/in-avo-17-image-1.jpg]
[www.indonez.com/html-demo/avo/img/in-avo-17-image-2.jpg]
[www.indonez.com/html-demo/avo/img/in-avo-18-icon-1.svg]
[www.indonez.com/html-demo/avo/img/in-avo-18-icon-2.svg]
[www.indonez.com/html-demo/avo/img/in-avo-18-icon-3.svg]
[www.indonez.com/html-demo/avo/img/in-avo-18-icon-4.svg]
[www.indonez.com/html-demo/avo/img/in-avo-18-icon-5.svg]
[www.indonez.com/html-demo/avo/img/in-avo-18-icon-6.svg]
[www.indonez.com/html-demo/avo/homepage4.html]
[www.indonez.com/html-demo/avo/markets.html]
[www.indonez.com/html-demo/avo/img/blockit/in-team-background-1.png]
[www.indonez.com/html-demo/avo/img/blockit/in-team-1.png]
[www.indonez.com/html-demo/avo/img/blockit/in-team-4.png]
[www.indonez.com/html-demo/avo/about.html]
[www.indonez.com/html-demo/avo/img/blockit/in-team-2.png]
[www.indonez.com/html-demo/avo/img/user/image-featured-a4DfvV.jpg]
[www.indonez.com/html-demo/avo/blog/the-typical-us-household-is-spending-445-more-a.html]
[www.indonez.com/html-demo/avo/img/user/author-85z9UC.jpg]
[www.indonez.com/html-demo/avo/blog/biden-and-harris-celebrate-kwanzaa-in-social-media.html]
[www.indonez.com/html-demo/avo/blog/amazons-started-to-deliver-orders-by-drones-in-california.html]
[www.indonez.com/html-demo/avo/blog.html]
[www.indonez.com/html-demo/avo/img/blockit/in-gallery-image-1.jpg]
[www.indonez.com/html-demo/avo/img/blockit/in-gallery-image-2.jpg]
[www.indonez.com/html-demo/avo/img/blockit/in-gallery-image-3.jpg]
[www.indonez.com/html-demo/avo/img/blockit/in-gallery-image-6.jpg]
[www.indonez.com/html-demo/avo/img/blockit/in-gallery-image-5.jpg]
[www.indonez.com/html-demo/avo/img/blockit/in-gallery-image-4.jpg]
[www.indonez.com/html-demo/avo/js/vendors/shuffle.min.js]
[www.indonez.com/html-demo/avo/careers.html]
[www.indonez.com/html-demo/avo/contact.html]
[www.indonez.com/html-demo/avo/img/blockit/in-card-background-1.jpg]
[www.indonez.com/html-demo/avo/education.html]
[www.indonez.com/html-demo/avo/img/blockit/in-content-10-image.png]
[www.indonez.com/html-demo/avo/img/blockit/in-team-7.png]
[www.indonez.com/html-demo/avo/img/blockit/in-team-8.png]
[www.indonez.com/html-demo/avo/img/blockit/in-team-6.png]
[www.indonez.com/html-demo/avo/help-center.html]
[www.indonez.com/html-demo/avo/img/blockit/in-team-3.png]
[www.indonez.com/html-demo/avo/img/blockit/in-testimoni-2.png]
[www.indonez.com/html-demo/avo/img/blockit/in-client-testi-1.svg]
[www.indonez.com/html-demo/avo/img/blockit/in-testimoni-3.png]
[www.indonez.com/html-demo/avo/img/blockit/in-client-testi-2.svg]
[www.indonez.com/html-demo/avo/img/blockit/in-client-testi-3.svg]
[www.indonez.com/html-demo/avo/customers.html]
[www.indonez.com/html-demo/avo/roadmap.html]
[www.indonez.com/html-demo/avo/legal-docs.html]
[www.indonez.com/html-demo/avo/img/in-slide-img-1.svg]
[www.indonez.com/html-demo/avo/img/in-slide-symbol-1.svg]
[www.indonez.com/html-demo/avo/img/in-slide-symbol-2.svg]
[www.indonez.com/html-demo/avo/img/in-slide-symbol-3.svg]
[www.indonez.com/html-demo/avo/img/in-slide-symbol-4.svg]
[www.indonez.com/html-demo/avo/img/in-slide-img-2.svg]
[www.indonez.com/html-demo/avo/img/in-slide-symbol-5.svg]
[www.indonez.com/html-demo/avo/img/in-slide-symbol-6.svg]
[www.indonez.com/html-demo/avo/img/in-slide-symbol-7.svg]
[www.indonez.com/html-demo/avo/img/in-slide-symbol-8.svg]
[www.indonez.com/html-demo/avo/img/in-avo-press-1.svg]
[www.indonez.com/html-demo/avo/img/in-avo-press-2.svg]
[www.indonez.com/html-demo/avo/img/in-avo-press-3.svg]
[www.indonez.com/html-demo/avo/img/in-avo-press-4.svg]
[www.indonez.com/html-demo/avo/img/in-avo-press-5.svg]
[www.indonez.com/html-demo/avo/img/in-avo-3-decor-1.svg]
[www.indonez.com/html-demo/avo/img/in-avo-4-decor-1.svg]
[www.indonez.com/html-demo/avo/img/in-avo-4-decor-2.svg]
[www.indonez.com/html-demo/avo/img/in-avo-4-decor-3.svg]
[www.indonez.com/html-demo/avo/img/in-avo-4-decor-4.svg]
[www.indonez.com/html-demo/avo/img/in-windows-icon.svg]
[www.indonez.com/html-demo/avo/img/in-apple-icon.svg]
[www.indonez.com/html-demo/avo/js/vendors/apexcharts.min.js]
[www.indonez.com/html-demo/avo/sendmail.html]
[www.indonez.com/html-demo/avo/js/vendors/bigger-picture.min.js]
[www.indonez.com/html-demo/avo/img/in-avo-18-icon-1.svg]
[www.indonez.com/html-demo/avo/img/in-avo-18-icon-2.svg]
[www.indonez.com/html-demo/avo/img/in-avo-18-icon-3.svg]
[www.indonez.com/html-demo/avo/img/in-avo-18-icon-4.svg]
[www.indonez.com/html-demo/avo/img/in-avo-18-icon-5.svg]
[www.indonez.com/html-demo/avo/img/in-avo-18-icon-6.svg]
[www.indonez.com/html-demo/avo/blog-finde483.html]
[www.indonez.com/html-demo/avo/index-2.html]
[www.indonez.com/html-demo/avo/blog-find2623.html]
[www.indonez.com/html-demo/avo/blog/the-typical-us-household-is-spending-445-more-a.html]
[www.indonez.com/html-demo/avo/js/vendors/share-buttons.min.js]
[www.indonez.com/html-demo/avo/blog-find7327.html]
[www.indonez.com/html-demo/avo/blog/biden-and-harris-celebrate-kwanzaa-in-social-media.html]
[www.indonez.com/html-demo/avo/blog/amazons-started-to-deliver-orders-by-drones-in-california.html]
[www.indonez.com/html-demo/avo/js/vendors/shuffle.min.js]
[www.indonez.com/html-demo/avo/img/blockit/in-client-testi-1.svg]
[www.indonez.com/html-demo/avo/img/blockit/in-client-testi-2.svg]
[www.indonez.com/html-demo/avo/img/blockit/in-client-testi-3.svg]
[www.indonez.com/html-demo/avo/index-2.html]
[www.indonez.com/html-demo/avo/https_/getbootstrap.com/docs/5.3/getting-started/introduction/index.html]
[www.indonez.com/html-demo/avo/blog-finde483.html]
[www.indonez.com/html-demo/avo/blog-find2623.html]
[www.indonez.com/html-demo/avo/js/vendors/share-buttons.min.js]
[www.indonez.com/html-demo/avo/blog-find7327.html]
